15 5 14 0 4 2 24 19 1 11 25 15 1 13 0 1 1 0 0 12 15 -1 13 0 1 1 11 22 15 -1 15 -1 21 0