24 19 0 5 25 15 1 15 1 15 1 13 0 0 1 0 1067450368 12 15 -1 13 0 0 1 11 22 15 -1 15 -3 21 -1